tiktok.com
www.tiktok.com
m.tiktok.com
vm.tiktok.com
vt.tiktok.com
api.tiktok.com
webcast.tiktok.com
ads.tiktok.com
ads-api.tiktok.com
business.tiktok.com
shop.tiktok.com
seller.tiktokglobalshop.com
tiktokglobalshop.com
tiktokshop.com
tiktokv.com
tiktokv.us
tiktokv.eu
tiktokd.org
api16-normal-c-useast1a.tiktokv.com
api16-normal-c-useast2a.tiktokv.com
api22-normal-c-useast2a.tiktokv.com
api16-normal-useast5.us.tiktokv.com
api16-normal-c-alisg.tiktokv.com
mon.tiktokv.com
mon-va.tiktokv.com
log.tiktokv.com
mssdk.tiktokv.com
effect.tiktokv.com
tiktokcdn.com
tiktokcdn-us.com
tiktokcdn-eu.com
tiktokcdn-in.com
ttwstatic.com
ttlivecdn.com
musical.ly
